sample log files